// Jest Snapshot v1, https://goo.gl/fbAQLP

exports[`matches snapshot 1`] = `
<div>
  <h2
    data-testid="repository-name"
  >
    stargaze.me
  </h2>
  <a
    data-testid="repository-url"
    href="http://stargaze.me"
    rel="noopener noreferrer"
    target="_blank"
  >
    http://stargaze.me
  </a>
  <p
    data-testid="repository-description"
  >
    star
  </p>
</div>
`;
