// Jest Snapshot v1, https://goo.gl/fbAQLP

exports[`matches snapshot 1`] = `
<div
  className="sc-bdVaJa sc-dnqmqq bUIycl"
  color="white"
>
  <nav>
    <a
      aria-current="page"
      className="sc-iwsKbI iSGNcw"
      href="/"
      onClick={[Function]}
      style={
        Object {
          "color": "red",
        }
      }
    >
      Home
    </a>
    <a
      className="sc-iwsKbI iSGNcw"
      href="/search"
      onClick={[Function]}
      style={
        Object {
          "color": "white",
        }
      }
    >
      Search
    </a>
  </nav>
  <h1
    data-testid="app-title"
  >
    stargaze.me
  </h1>
  <a
    className="sc-bdVaJa sc-ifAKCX sc-htoDjs hSqoQA"
    color="blue"
    data-testid="app-login-button"
    href="#"
    onClick={[Function]}
  >
    Sign In to Github
  </a>
</div>
`;
